[debug] [2026-04-28T13:08:30.299Z] ----------------------------------------------------------------------
[debug] [2026-04-28T13:08:30.302Z] Command:       C:\Program Files\nodejs\node.exe C:\Users\ACER\AppData\Roaming\npm\node_modules\firebase-tools\lib\bin\firebase.js init hosting
[debug] [2026-04-28T13:08:30.302Z] CLI Version:   15.15.0
[debug] [2026-04-28T13:08:30.302Z] Platform:      win32
[debug] [2026-04-28T13:08:30.302Z] Node Version:  v22.14.0
[debug] [2026-04-28T13:08:30.303Z] Time:          Tue Apr 28 2026 20:08:30 GMT+0700 (Indochina Time)
[debug] [2026-04-28T13:08:30.303Z] ----------------------------------------------------------------------
[debug] 
[info] 
     ######## #### ########  ######## ########     ###     ######  ########
     ##        ##  ##     ## ##       ##     ##  ##   ##  ##       ##
     ######    ##  ########  ######   ########  #########  ######  ######
     ##        ##  ##    ##  ##       ##     ## ##     ##       ## ##
     ##       #### ##     ## ######## ########  ##     ##  ######  ########

You're about to initialize a Firebase project in this directory:

  D:\TL UTH\A509\a509_frontend

[info] 
=== Project Setup
[info] 
[info] First, let's associate this project directory with a Firebase project.
[info] You can create multiple project aliases by running firebase use --add, 
[info] 
[debug] [2026-04-28T13:10:03.381Z] > command requires scopes: ["email","openid","https://www.googleapis.com/auth/cloudplatformprojects.readonly","https://www.googleapis.com/auth/firebase","https://www.googleapis.com/auth/cloud-platform"]
[debug] [2026-04-28T13:10:03.381Z] > authorizing via signed-in user (phamgiakhoilmao@gmail.com)
[debug] [2026-04-28T13:10:03.382Z] Checked if tokens are valid: true, expires at: 1777385274655
[debug] [2026-04-28T13:10:03.383Z] Checked if tokens are valid: true, expires at: 1777385274655
[debug] [2026-04-28T13:10:03.384Z] >>> [apiv2][query] GET https://firebase.googleapis.com/v1beta1/projects pageSize=100
[debug] [2026-04-28T13:10:04.362Z] <<< [apiv2][status] GET https://firebase.googleapis.com/v1beta1/projects 200
[debug] [2026-04-28T13:10:04.362Z] <<< [apiv2][body] GET https://firebase.googleapis.com/v1beta1/projects [omitted]
